[0.422s] DEBUG:colcon:Command line arguments: ['/usr/bin/colcon', 'build', '--packages-select', 'eezybotarm_control']
[0.422s] DEBUG:colcon:Parsed command line arguments: Namespace(log_base=None, log_level=None, verb_name='build', build_base='build', install_base='install', merge_install=False, symlink_install=False, test_result_base=None, continue_on_error=False, executor='parallel', parallel_workers=6, event_handlers=None, ignore_user_meta=False, metas=['./colcon.meta'], base_paths=['.'], packages_ignore=None, packages_ignore_regex=None, paths=None, packages_up_to=None, packages_up_to_regex=None, packages_above=None, packages_above_and_dependencies=None, packages_above_depth=None, packages_select_by_dep=None, packages_skip_by_dep=None, packages_skip_up_to=None, packages_select_build_failed=False, packages_skip_build_finished=False, packages_select_test_failures=False, packages_skip_test_passed=False, packages_select=['eezybotarm_control'], packages_skip=None, packages_select_regex=None, packages_skip_regex=None, packages_start=None, packages_end=None, allow_overriding=[], cmake_args=None, cmake_target=None, cmake_target_skip_unavailable=False, cmake_clean_cache=False, cmake_clean_first=False, cmake_force_configure=False, ament_cmake_args=None, catkin_cmake_args=None, catkin_skip_building_tests=False, verb_parser=<colcon_defaults.argument_parser.defaults.DefaultArgumentsDecorator object at 0xffff8a9616c0>, verb_extension=<colcon_core.verb.build.BuildVerb object at 0xffff8a961300>, main=<bound method BuildVerb.main of <colcon_core.verb.build.BuildVerb object at 0xffff8a961300>>)
[1.171s] Level 1:colcon.colcon_core.package_discovery:discover_packages(colcon_meta) check parameters
[1.171s] Level 1:colcon.colcon_core.package_discovery:discover_packages(recursive) check parameters
[1.171s] Level 1:colcon.colcon_core.package_discovery:discover_packages(ignore) check parameters
[1.171s] Level 1:colcon.colcon_core.package_discovery:discover_packages(path) check parameters
[1.172s] Level 1:colcon.colcon_core.package_discovery:discover_packages(colcon_meta) discover
[1.172s] Level 1:colcon.colcon_core.package_discovery:discover_packages(recursive) discover
[1.172s] INFO:colcon.colcon_core.package_discovery:Crawling recursively for packages in '/home/hassanito/roboticarm'
[1.173s] Level 1:colcon.colcon_core.package_identification:_identify(.) by extensions ['ignore', 'ignore_ament_install']
[1.173s] Level 1:colcon.colcon_core.package_identification:_identify(.) by extension 'ignore'
[1.173s] Level 1:colcon.colcon_core.package_identification:_identify(.) by extension 'ignore_ament_install'
[1.174s] Level 1:colcon.colcon_core.package_identification:_identify(.) by extensions ['colcon_pkg']
[1.174s] Level 1:colcon.colcon_core.package_identification:_identify(.) by extension 'colcon_pkg'
[1.174s] Level 1:colcon.colcon_core.package_identification:_identify(.) by extensions ['colcon_meta']
[1.174s] Level 1:colcon.colcon_core.package_identification:_identify(.) by extension 'colcon_meta'
[1.174s] Level 1:colcon.colcon_core.package_identification:_identify(.) by extensions ['ros']
[1.174s] Level 1:colcon.colcon_core.package_identification:_identify(.) by extension 'ros'
[1.217s] Level 1:colcon.colcon_core.package_identification:_identify(.) by extensions ['cmake', 'python']
[1.217s] Level 1:colcon.colcon_core.package_identification:_identify(.) by extension 'cmake'
[1.218s] Level 1:colcon.colcon_core.package_identification:_identify(.) by extension 'python'
[1.218s] Level 1:colcon.colcon_core.package_identification:_identify(.) by extensions ['python_setup_py']
[1.218s] Level 1:colcon.colcon_core.package_identification:_identify(.) by extension 'python_setup_py'
[1.219s] Level 1:colcon.colcon_core.package_identification:_identify(build) by extensions ['ignore', 'ignore_ament_install']
[1.219s] Level 1:colcon.colcon_core.package_identification:_identify(build) by extension 'ignore'
[1.219s] Level 1:colcon.colcon_core.package_identification:_identify(build) ignored
[1.220s] Level 1:colcon.colcon_core.package_identification:_identify(install) by extensions ['ignore', 'ignore_ament_install']
[1.220s] Level 1:colcon.colcon_core.package_identification:_identify(install) by extension 'ignore'
[1.220s] Level 1:colcon.colcon_core.package_identification:_identify(install) ignored
[1.221s] Level 1:colcon.colcon_core.package_identification:_identify(log) by extensions ['ignore', 'ignore_ament_install']
[1.221s] Level 1:colcon.colcon_core.package_identification:_identify(log) by extension 'ignore'
[1.221s] Level 1:colcon.colcon_core.package_identification:_identify(log) ignored
[1.222s] Level 1:colcon.colcon_core.package_identification:_identify(src) by extensions ['ignore', 'ignore_ament_install']
[1.222s] Level 1:colcon.colcon_core.package_identification:_identify(src) by extension 'ignore'
[1.222s] Level 1:colcon.colcon_core.package_identification:_identify(src) by extension 'ignore_ament_install'
[1.223s] Level 1:colcon.colcon_core.package_identification:_identify(src) by extensions ['colcon_pkg']
[1.223s] Level 1:colcon.colcon_core.package_identification:_identify(src) by extension 'colcon_pkg'
[1.223s] Level 1:colcon.colcon_core.package_identification:_identify(src) by extensions ['colcon_meta']
[1.223s] Level 1:colcon.colcon_core.package_identification:_identify(src) by extension 'colcon_meta'
[1.223s] Level 1:colcon.colcon_core.package_identification:_identify(src) by extensions ['ros']
[1.223s] Level 1:colcon.colcon_core.package_identification:_identify(src) by extension 'ros'
[1.224s] Level 1:colcon.colcon_core.package_identification:_identify(src) by extensions ['cmake', 'python']
[1.224s] Level 1:colcon.colcon_core.package_identification:_identify(src) by extension 'cmake'
[1.224s] Level 1:colcon.colcon_core.package_identification:_identify(src) by extension 'python'
[1.224s] Level 1:colcon.colcon_core.package_identification:_identify(src) by extensions ['python_setup_py']
[1.225s] Level 1:colcon.colcon_core.package_identification:_identify(src) by extension 'python_setup_py'
[1.225s] Level 1:colcon.colcon_core.package_identification:_identify(src/eezybotarm_control) by extensions ['ignore', 'ignore_ament_install']
[1.225s] Level 1:colcon.colcon_core.package_identification:_identify(src/eezybotarm_control) by extension 'ignore'
[1.226s] Level 1:colcon.colcon_core.package_identification:_identify(src/eezybotarm_control) by extension 'ignore_ament_install'
[1.226s] Level 1:colcon.colcon_core.package_identification:_identify(src/eezybotarm_control) by extensions ['colcon_pkg']
[1.226s] Level 1:colcon.colcon_core.package_identification:_identify(src/eezybotarm_control) by extension 'colcon_pkg'
[1.226s] Level 1:colcon.colcon_core.package_identification:_identify(src/eezybotarm_control) by extensions ['colcon_meta']
[1.226s] Level 1:colcon.colcon_core.package_identification:_identify(src/eezybotarm_control) by extension 'colcon_meta'
[1.226s] Level 1:colcon.colcon_core.package_identification:_identify(src/eezybotarm_control) by extensions ['ros']
[1.227s] Level 1:colcon.colcon_core.package_identification:_identify(src/eezybotarm_control) by extension 'ros'
[1.237s] DEBUG:colcon.colcon_core.package_identification:Package 'src/eezybotarm_control' with type 'ros.ament_python' and name 'eezybotarm_control'
[1.238s] Level 1:colcon.colcon_core.package_discovery:discover_packages(recursive) using defaults
[1.238s] Level 1:colcon.colcon_core.package_discovery:discover_packages(ignore) discover
[1.238s] Level 1:colcon.colcon_core.package_discovery:discover_packages(ignore) using defaults
[1.238s] Level 1:colcon.colcon_core.package_discovery:discover_packages(path) discover
[1.238s] Level 1:colcon.colcon_core.package_discovery:discover_packages(path) using defaults
[1.351s] Level 1:colcon.colcon_core.package_discovery:discover_packages(prefix_path) check parameters
[1.351s] Level 1:colcon.colcon_core.package_discovery:discover_packages(prefix_path) discover
[1.358s] DEBUG:colcon.colcon_installed_package_information.package_discovery:Found 1 installed packages in /home/hassanito/roboticarm/install
[1.363s] DEBUG:colcon.colcon_installed_package_information.package_discovery:Found 313 installed packages in /opt/ros/humble
[1.369s] Level 1:colcon.colcon_core.package_discovery:discover_packages(prefix_path) using defaults
[1.535s] Level 5:colcon.colcon_core.verb:set package 'eezybotarm_control' build argument 'cmake_args' from command line to 'None'
[1.536s] Level 5:colcon.colcon_core.verb:set package 'eezybotarm_control' build argument 'cmake_target' from command line to 'None'
[1.536s] Level 5:colcon.colcon_core.verb:set package 'eezybotarm_control' build argument 'cmake_target_skip_unavailable' from command line to 'False'
[1.536s] Level 5:colcon.colcon_core.verb:set package 'eezybotarm_control' build argument 'cmake_clean_cache' from command line to 'False'
[1.536s] Level 5:colcon.colcon_core.verb:set package 'eezybotarm_control' build argument 'cmake_clean_first' from command line to 'False'
[1.536s] Level 5:colcon.colcon_core.verb:set package 'eezybotarm_control' build argument 'cmake_force_configure' from command line to 'False'
[1.536s] Level 5:colcon.colcon_core.verb:set package 'eezybotarm_control' build argument 'ament_cmake_args' from command line to 'None'
[1.536s] Level 5:colcon.colcon_core.verb:set package 'eezybotarm_control' build argument 'catkin_cmake_args' from command line to 'None'
[1.536s] Level 5:colcon.colcon_core.verb:set package 'eezybotarm_control' build argument 'catkin_skip_building_tests' from command line to 'False'
[1.537s] DEBUG:colcon.colcon_core.verb:Building package 'eezybotarm_control' with the following arguments: {'ament_cmake_args': None, 'build_base': '/home/hassanito/roboticarm/build/eezybotarm_control', 'catkin_cmake_args': None, 'catkin_skip_building_tests': False, 'cmake_args': None, 'cmake_clean_cache': False, 'cmake_clean_first': False, 'cmake_force_configure': False, 'cmake_target': None, 'cmake_target_skip_unavailable': False, 'install_base': '/home/hassanito/roboticarm/install/eezybotarm_control', 'merge_install': False, 'path': '/home/hassanito/roboticarm/src/eezybotarm_control', 'symlink_install': False, 'test_result_base': None}
[1.537s] INFO:colcon.colcon_core.executor:Executing jobs using 'parallel' executor
[1.540s] DEBUG:colcon.colcon_parallel_executor.executor.parallel:run_until_complete
[1.541s] INFO:colcon.colcon_ros.task.ament_python.build:Building ROS package in '/home/hassanito/roboticarm/src/eezybotarm_control' with build type 'ament_python'
[1.542s] Level 1:colcon.colcon_core.shell:create_environment_hook('eezybotarm_control', 'ament_prefix_path')
[1.550s] INFO:colcon.colcon_core.plugin_system:Skipping extension 'colcon_core.shell.bat': Not used on non-Windows systems
[1.550s] INFO:colcon.colcon_core.shell:Creating environment hook '/home/hassanito/roboticarm/install/eezybotarm_control/share/eezybotarm_control/hook/ament_prefix_path.ps1'
[1.553s] INFO:colcon.colcon_core.shell:Creating environment descriptor '/home/hassanito/roboticarm/install/eezybotarm_control/share/eezybotarm_control/hook/ament_prefix_path.dsv'
[1.555s] INFO:colcon.colcon_core.shell:Creating environment hook '/home/hassanito/roboticarm/install/eezybotarm_control/share/eezybotarm_control/hook/ament_prefix_path.sh'
[1.558s] INFO:colcon.colcon_core.shell:Skip shell extension 'powershell' for command environment: Not usable outside of PowerShell
[1.559s] DEBUG:colcon.colcon_core.shell:Skip shell extension 'dsv' for command environment
[2.686s] INFO:colcon.colcon_core.task.python.build:Building Python package in '/home/hassanito/roboticarm/src/eezybotarm_control'
[2.687s] INFO:colcon.colcon_core.shell:Skip shell extension 'powershell' for command environment: Not usable outside of PowerShell
[2.687s] DEBUG:colcon.colcon_core.shell:Skip shell extension 'dsv' for command environment
[4.214s] DEBUG:colcon.colcon_core.event_handler.log_command:Invoking command in '/home/hassanito/roboticarm/src/eezybotarm_control': PYTHONPATH=/home/hassanito/roboticarm/build/eezybotarm_control/prefix_override:/usr/lib/python3/dist-packages/colcon_core/task/python/colcon_distutils_commands:/home/hassanito/roboticarm/install/eezybotarm_control/lib/python3.10/site-packages:${PYTHONPATH} /usr/bin/python3 -W ignore:setup.py install is deprecated -W ignore:easy_install command is deprecated setup.py egg_info --egg-base ../../build/eezybotarm_control build --build-base /home/hassanito/roboticarm/build/eezybotarm_control/build install --record /home/hassanito/roboticarm/build/eezybotarm_control/install.log --single-version-externally-managed install_data
[5.452s] DEBUG:colcon.colcon_core.event_handler.log_command:Invoked command in '/home/hassanito/roboticarm/src/eezybotarm_control' returned '0': PYTHONPATH=/home/hassanito/roboticarm/build/eezybotarm_control/prefix_override:/usr/lib/python3/dist-packages/colcon_core/task/python/colcon_distutils_commands:/home/hassanito/roboticarm/install/eezybotarm_control/lib/python3.10/site-packages:${PYTHONPATH} /usr/bin/python3 -W ignore:setup.py install is deprecated -W ignore:easy_install command is deprecated setup.py egg_info --egg-base ../../build/eezybotarm_control build --build-base /home/hassanito/roboticarm/build/eezybotarm_control/build install --record /home/hassanito/roboticarm/build/eezybotarm_control/install.log --single-version-externally-managed install_data
[5.468s] Level 1:colcon.colcon_core.environment:checking '/home/hassanito/roboticarm/install/eezybotarm_control' for CMake module files
[5.471s] Level 1:colcon.colcon_core.environment:checking '/home/hassanito/roboticarm/install/eezybotarm_control' for CMake config files
[5.477s] Level 1:colcon.colcon_core.environment:checking '/home/hassanito/roboticarm/install/eezybotarm_control/lib'
[5.479s] Level 1:colcon.colcon_core.environment:checking '/home/hassanito/roboticarm/install/eezybotarm_control/bin'
[5.480s] Level 1:colcon.colcon_core.environment:checking '/home/hassanito/roboticarm/install/eezybotarm_control/lib/pkgconfig/eezybotarm_control.pc'
[5.481s] Level 1:colcon.colcon_core.environment:checking '/home/hassanito/roboticarm/install/eezybotarm_control/lib/python3.10/site-packages'
[5.482s] Level 1:colcon.colcon_core.shell:create_environment_hook('eezybotarm_control', 'pythonpath')
[5.484s] INFO:colcon.colcon_core.shell:Creating environment hook '/home/hassanito/roboticarm/install/eezybotarm_control/share/eezybotarm_control/hook/pythonpath.ps1'
[5.487s] INFO:colcon.colcon_core.shell:Creating environment descriptor '/home/hassanito/roboticarm/install/eezybotarm_control/share/eezybotarm_control/hook/pythonpath.dsv'
[5.490s] INFO:colcon.colcon_core.shell:Creating environment hook '/home/hassanito/roboticarm/install/eezybotarm_control/share/eezybotarm_control/hook/pythonpath.sh'
[5.495s] Level 1:colcon.colcon_core.environment:checking '/home/hassanito/roboticarm/install/eezybotarm_control/bin'
[5.495s] Level 1:colcon.colcon_core.environment:create_environment_scripts_only(eezybotarm_control)
[5.498s] INFO:colcon.colcon_core.shell:Creating package script '/home/hassanito/roboticarm/install/eezybotarm_control/share/eezybotarm_control/package.ps1'
[5.505s] INFO:colcon.colcon_core.shell:Creating package descriptor '/home/hassanito/roboticarm/install/eezybotarm_control/share/eezybotarm_control/package.dsv'
[5.509s] INFO:colcon.colcon_core.shell:Creating package script '/home/hassanito/roboticarm/install/eezybotarm_control/share/eezybotarm_control/package.sh'
[5.514s] INFO:colcon.colcon_core.shell:Creating package script '/home/hassanito/roboticarm/install/eezybotarm_control/share/eezybotarm_control/package.bash'
[5.519s] INFO:colcon.colcon_core.shell:Creating package script '/home/hassanito/roboticarm/install/eezybotarm_control/share/eezybotarm_control/package.zsh'
[5.524s] Level 1:colcon.colcon_core.environment:create_file_with_runtime_dependencies(/home/hassanito/roboticarm/install/eezybotarm_control/share/colcon-core/packages/eezybotarm_control)
[5.527s] DEBUG:colcon.colcon_parallel_executor.executor.parallel:closing loop
[5.529s] DEBUG:colcon.colcon_parallel_executor.executor.parallel:loop closed
[5.531s] DEBUG:colcon.colcon_parallel_executor.executor.parallel:run_until_complete finished with '0'
[5.531s] DEBUG:colcon.colcon_core.event_reactor:joining thread
[5.559s] INFO:colcon.colcon_core.plugin_system:Skipping extension 'colcon_notification.desktop_notification.terminal_notifier': Not used on non-Darwin systems
[5.560s] INFO:colcon.colcon_core.plugin_system:Skipping extension 'colcon_notification.desktop_notification.win32': Not used on non-Windows systems
[5.560s] INFO:colcon.colcon_notification.desktop_notification:Sending desktop notification using 'notify2'
[5.643s] DEBUG:colcon.colcon_core.event_reactor:joined thread
[5.646s] INFO:colcon.colcon_core.shell:Creating prefix script '/home/hassanito/roboticarm/install/local_setup.ps1'
[5.652s] INFO:colcon.colcon_core.shell:Creating prefix util module '/home/hassanito/roboticarm/install/_local_setup_util_ps1.py'
[5.659s] INFO:colcon.colcon_core.shell:Creating prefix chain script '/home/hassanito/roboticarm/install/setup.ps1'
[5.668s] INFO:colcon.colcon_core.shell:Creating prefix script '/home/hassanito/roboticarm/install/local_setup.sh'
[5.672s] INFO:colcon.colcon_core.shell:Creating prefix util module '/home/hassanito/roboticarm/install/_local_setup_util_sh.py'
[5.677s] INFO:colcon.colcon_core.shell:Creating prefix chain script '/home/hassanito/roboticarm/install/setup.sh'
[5.684s] INFO:colcon.colcon_core.shell:Creating prefix script '/home/hassanito/roboticarm/install/local_setup.bash'
[5.688s] INFO:colcon.colcon_core.shell:Creating prefix chain script '/home/hassanito/roboticarm/install/setup.bash'
[5.694s] INFO:colcon.colcon_core.shell:Creating prefix script '/home/hassanito/roboticarm/install/local_setup.zsh'
[5.697s] INFO:colcon.colcon_core.shell:Creating prefix chain script '/home/hassanito/roboticarm/install/setup.zsh'
