running egg_info
writing ../../build/eezybotarm_control/eezybotarm_control.egg-info/PKG-INFO
writing dependency_links to ../../build/eezybotarm_control/eezybotarm_control.egg-info/dependency_links.txt
writing entry points to ../../build/eezybotarm_control/eezybotarm_control.egg-info/entry_points.txt
writing requirements to ../../build/eezybotarm_control/eezybotarm_control.egg-info/requires.txt
writing top-level names to ../../build/eezybotarm_control/eezybotarm_control.egg-info/top_level.txt
reading manifest file '../../build/eezybotarm_control/eezybotarm_control.egg-info/SOURCES.txt'
writing manifest file '../../build/eezybotarm_control/eezybotarm_control.egg-info/SOURCES.txt'
running build
running build_py
running install
running install_lib
running install_data
copying launch/arm_bringup.launch.py -> /home/hassanito/roboticarm/install/eezybotarm_control/share/eezybotarm_control/launch
copying description/eezybotarm.urdf.xacro -> /home/hassanito/roboticarm/install/eezybotarm_control/share/eezybotarm_control/description
running install_egg_info
removing '/home/hassanito/roboticarm/install/eezybotarm_control/lib/python3.10/site-packages/eezybotarm_control-0.0.1-py3.10.egg-info' (and everything under it)
Copying ../../build/eezybotarm_control/eezybotarm_control.egg-info to /home/hassanito/roboticarm/install/eezybotarm_control/lib/python3.10/site-packages/eezybotarm_control-0.0.1-py3.10.egg-info
running install_scripts
Installing arm_controller script to /home/hassanito/roboticarm/install/eezybotarm_control/lib/eezybotarm_control
Installing arm_test_patterns script to /home/hassanito/roboticarm/install/eezybotarm_control/lib/eezybotarm_control
writing list of installed files to '/home/hassanito/roboticarm/build/eezybotarm_control/install.log'
