[0.932s] DEBUG:colcon:Command line arguments: ['/usr/bin/colcon', 'build', '--packages-select', 'eezybotarm_control']
[0.932s] DEBUG:colcon:Parsed command line arguments: Namespace(log_base=None, log_level=None, verb_name='build', build_base='build', install_base='install', merge_install=False, symlink_install=False, test_result_base=None, continue_on_error=False, executor='parallel', parallel_workers=6, event_handlers=None, ignore_user_meta=False, metas=['./colcon.meta'], base_paths=['.'], packages_ignore=None, packages_ignore_regex=None, paths=None, packages_up_to=None, packages_up_to_regex=None, packages_above=None, packages_above_and_dependencies=None, packages_above_depth=None, packages_select_by_dep=None, packages_skip_by_dep=None, packages_skip_up_to=None, packages_select_build_failed=False, packages_skip_build_finished=False, packages_select_test_failures=False, packages_skip_test_passed=False, packages_select=['eezybotarm_control'], packages_skip=None, packages_select_regex=None, packages_skip_regex=None, packages_start=None, packages_end=None, allow_overriding=[], cmake_args=None, cmake_target=None, cmake_target_skip_unavailable=False, cmake_clean_cache=False, cmake_clean_first=False, cmake_force_configure=False, ament_cmake_args=None, catkin_cmake_args=None, catkin_skip_building_tests=False, verb_parser=<colcon_defaults.argument_parser.defaults.DefaultArgumentsDecorator object at 0xffffb15013c0>, verb_extension=<colcon_core.verb.build.BuildVerb object at 0xffffb1501000>, main=<bound method BuildVerb.main of <colcon_core.verb.build.BuildVerb object at 0xffffb1501000>>)
[2.076s] Level 1:colcon.colcon_core.package_discovery:discover_packages(colcon_meta) check parameters
[2.076s] Level 1:colcon.colcon_core.package_discovery:discover_packages(recursive) check parameters
[2.077s] Level 1:colcon.colcon_core.package_discovery:discover_packages(ignore) check parameters
[2.077s] Level 1:colcon.colcon_core.package_discovery:discover_packages(path) check parameters
[2.077s] Level 1:colcon.colcon_core.package_discovery:discover_packages(colcon_meta) discover
[2.077s] Level 1:colcon.colcon_core.package_discovery:discover_packages(recursive) discover
[2.077s] INFO:colcon.colcon_core.package_discovery:Crawling recursively for packages in '/home/hassanito/roboticarm'
[2.078s] Level 1:colcon.colcon_core.package_identification:_identify(.) by extensions ['ignore', 'ignore_ament_install']
[2.078s] Level 1:colcon.colcon_core.package_identification:_identify(.) by extension 'ignore'
[2.078s] Level 1:colcon.colcon_core.package_identification:_identify(.) by extension 'ignore_ament_install'
[2.079s] Level 1:colcon.colcon_core.package_identification:_identify(.) by extensions ['colcon_pkg']
[2.079s] Level 1:colcon.colcon_core.package_identification:_identify(.) by extension 'colcon_pkg'
[2.079s] Level 1:colcon.colcon_core.package_identification:_identify(.) by extensions ['colcon_meta']
[2.079s] Level 1:colcon.colcon_core.package_identification:_identify(.) by extension 'colcon_meta'
[2.079s] Level 1:colcon.colcon_core.package_identification:_identify(.) by extensions ['ros']
[2.079s] Level 1:colcon.colcon_core.package_identification:_identify(.) by extension 'ros'
[2.130s] Level 1:colcon.colcon_core.package_identification:_identify(.) by extensions ['cmake', 'python']
[2.130s] Level 1:colcon.colcon_core.package_identification:_identify(.) by extension 'cmake'
[2.130s] Level 1:colcon.colcon_core.package_identification:_identify(.) by extension 'python'
[2.130s] Level 1:colcon.colcon_core.package_identification:_identify(.) by extensions ['python_setup_py']
[2.131s] Level 1:colcon.colcon_core.package_identification:_identify(.) by extension 'python_setup_py'
[2.131s] Level 1:colcon.colcon_core.package_identification:_identify(build) by extensions ['ignore', 'ignore_ament_install']
[2.132s] Level 1:colcon.colcon_core.package_identification:_identify(build) by extension 'ignore'
[2.132s] Level 1:colcon.colcon_core.package_identification:_identify(build) ignored
[2.132s] Level 1:colcon.colcon_core.package_identification:_identify(install) by extensions ['ignore', 'ignore_ament_install']
[2.133s] Level 1:colcon.colcon_core.package_identification:_identify(install) by extension 'ignore'
[2.133s] Level 1:colcon.colcon_core.package_identification:_identify(install) ignored
[2.133s] Level 1:colcon.colcon_core.package_identification:_identify(log) by extensions ['ignore', 'ignore_ament_install']
[2.134s] Level 1:colcon.colcon_core.package_identification:_identify(log) by extension 'ignore'
[2.134s] Level 1:colcon.colcon_core.package_identification:_identify(log) ignored
[2.134s] Level 1:colcon.colcon_core.package_identification:_identify(src) by extensions ['ignore', 'ignore_ament_install']
[2.135s] Level 1:colcon.colcon_core.package_identification:_identify(src) by extension 'ignore'
[2.135s] Level 1:colcon.colcon_core.package_identification:_identify(src) by extension 'ignore_ament_install'
[2.135s] Level 1:colcon.colcon_core.package_identification:_identify(src) by extensions ['colcon_pkg']
[2.135s] Level 1:colcon.colcon_core.package_identification:_identify(src) by extension 'colcon_pkg'
[2.136s] Level 1:colcon.colcon_core.package_identification:_identify(src) by extensions ['colcon_meta']
[2.136s] Level 1:colcon.colcon_core.package_identification:_identify(src) by extension 'colcon_meta'
[2.136s] Level 1:colcon.colcon_core.package_identification:_identify(src) by extensions ['ros']
[2.136s] Level 1:colcon.colcon_core.package_identification:_identify(src) by extension 'ros'
[2.136s] Level 1:colcon.colcon_core.package_identification:_identify(src) by extensions ['cmake', 'python']
[2.137s] Level 1:colcon.colcon_core.package_identification:_identify(src) by extension 'cmake'
[2.137s] Level 1:colcon.colcon_core.package_identification:_identify(src) by extension 'python'
[2.137s] Level 1:colcon.colcon_core.package_identification:_identify(src) by extensions ['python_setup_py']
[2.137s] Level 1:colcon.colcon_core.package_identification:_identify(src) by extension 'python_setup_py'
[2.138s] Level 1:colcon.colcon_core.package_identification:_identify(src/eezybotarm_control) by extensions ['ignore', 'ignore_ament_install']
[2.138s] Level 1:colcon.colcon_core.package_identification:_identify(src/eezybotarm_control) by extension 'ignore'
[2.138s] Level 1:colcon.colcon_core.package_identification:_identify(src/eezybotarm_control) by extension 'ignore_ament_install'
[2.138s] Level 1:colcon.colcon_core.package_identification:_identify(src/eezybotarm_control) by extensions ['colcon_pkg']
[2.139s] Level 1:colcon.colcon_core.package_identification:_identify(src/eezybotarm_control) by extension 'colcon_pkg'
[2.139s] Level 1:colcon.colcon_core.package_identification:_identify(src/eezybotarm_control) by extensions ['colcon_meta']
[2.139s] Level 1:colcon.colcon_core.package_identification:_identify(src/eezybotarm_control) by extension 'colcon_meta'
[2.139s] Level 1:colcon.colcon_core.package_identification:_identify(src/eezybotarm_control) by extensions ['ros']
[2.139s] Level 1:colcon.colcon_core.package_identification:_identify(src/eezybotarm_control) by extension 'ros'
[2.156s] DEBUG:colcon.colcon_core.package_identification:Package 'src/eezybotarm_control' with type 'ros.ament_python' and name 'eezybotarm_control'
[2.156s] Level 1:colcon.colcon_core.package_discovery:discover_packages(recursive) using defaults
[2.156s] Level 1:colcon.colcon_core.package_discovery:discover_packages(ignore) discover
[2.157s] Level 1:colcon.colcon_core.package_discovery:discover_packages(ignore) using defaults
[2.157s] Level 1:colcon.colcon_core.package_discovery:discover_packages(path) discover
[2.157s] Level 1:colcon.colcon_core.package_discovery:discover_packages(path) using defaults
[2.319s] Level 1:colcon.colcon_core.package_discovery:discover_packages(prefix_path) check parameters
[2.319s] Level 1:colcon.colcon_core.package_discovery:discover_packages(prefix_path) discover
[2.333s] DEBUG:colcon.colcon_installed_package_information.package_discovery:Found 313 installed packages in /opt/ros/humble
[2.339s] Level 1:colcon.colcon_core.package_discovery:discover_packages(prefix_path) using defaults
[2.508s] Level 5:colcon.colcon_core.verb:set package 'eezybotarm_control' build argument 'cmake_args' from command line to 'None'
[2.508s] Level 5:colcon.colcon_core.verb:set package 'eezybotarm_control' build argument 'cmake_target' from command line to 'None'
[2.508s] Level 5:colcon.colcon_core.verb:set package 'eezybotarm_control' build argument 'cmake_target_skip_unavailable' from command line to 'False'
[2.508s] Level 5:colcon.colcon_core.verb:set package 'eezybotarm_control' build argument 'cmake_clean_cache' from command line to 'False'
[2.509s] Level 5:colcon.colcon_core.verb:set package 'eezybotarm_control' build argument 'cmake_clean_first' from command line to 'False'
[2.509s] Level 5:colcon.colcon_core.verb:set package 'eezybotarm_control' build argument 'cmake_force_configure' from command line to 'False'
[2.509s] Level 5:colcon.colcon_core.verb:set package 'eezybotarm_control' build argument 'ament_cmake_args' from command line to 'None'
[2.509s] Level 5:colcon.colcon_core.verb:set package 'eezybotarm_control' build argument 'catkin_cmake_args' from command line to 'None'
[2.509s] Level 5:colcon.colcon_core.verb:set package 'eezybotarm_control' build argument 'catkin_skip_building_tests' from command line to 'False'
[2.509s] DEBUG:colcon.colcon_core.verb:Building package 'eezybotarm_control' with the following arguments: {'ament_cmake_args': None, 'build_base': '/home/hassanito/roboticarm/build/eezybotarm_control', 'catkin_cmake_args': None, 'catkin_skip_building_tests': False, 'cmake_args': None, 'cmake_clean_cache': False, 'cmake_clean_first': False, 'cmake_force_configure': False, 'cmake_target': None, 'cmake_target_skip_unavailable': False, 'install_base': '/home/hassanito/roboticarm/install/eezybotarm_control', 'merge_install': False, 'path': '/home/hassanito/roboticarm/src/eezybotarm_control', 'symlink_install': False, 'test_result_base': None}
[2.510s] INFO:colcon.colcon_core.executor:Executing jobs using 'parallel' executor
[2.513s] DEBUG:colcon.colcon_parallel_executor.executor.parallel:run_until_complete
[2.514s] INFO:colcon.colcon_ros.task.ament_python.build:Building ROS package in '/home/hassanito/roboticarm/src/eezybotarm_control' with build type 'ament_python'
[2.515s] Level 1:colcon.colcon_core.shell:create_environment_hook('eezybotarm_control', 'ament_prefix_path')
[2.531s] INFO:colcon.colcon_core.plugin_system:Skipping extension 'colcon_core.shell.bat': Not used on non-Windows systems
[2.532s] INFO:colcon.colcon_core.shell:Creating environment hook '/home/hassanito/roboticarm/install/eezybotarm_control/share/eezybotarm_control/hook/ament_prefix_path.ps1'
[2.536s] INFO:colcon.colcon_core.shell:Creating environment descriptor '/home/hassanito/roboticarm/install/eezybotarm_control/share/eezybotarm_control/hook/ament_prefix_path.dsv'
[2.538s] INFO:colcon.colcon_core.shell:Creating environment hook '/home/hassanito/roboticarm/install/eezybotarm_control/share/eezybotarm_control/hook/ament_prefix_path.sh'
[2.542s] INFO:colcon.colcon_core.shell:Skip shell extension 'powershell' for command environment: Not usable outside of PowerShell
[2.542s] DEBUG:colcon.colcon_core.shell:Skip shell extension 'dsv' for command environment
[3.678s] INFO:colcon.colcon_core.task.python.build:Building Python package in '/home/hassanito/roboticarm/src/eezybotarm_control'
[3.680s] INFO:colcon.colcon_core.shell:Skip shell extension 'powershell' for command environment: Not usable outside of PowerShell
[3.681s] DEBUG:colcon.colcon_core.shell:Skip shell extension 'dsv' for command environment
[5.640s] DEBUG:colcon.colcon_core.event_handler.log_command:Invoking command in '/home/hassanito/roboticarm/src/eezybotarm_control': PYTHONPATH=/home/hassanito/roboticarm/build/eezybotarm_control/prefix_override:/usr/lib/python3/dist-packages/colcon_core/task/python/colcon_distutils_commands:/home/hassanito/roboticarm/install/eezybotarm_control/lib/python3.10/site-packages:${PYTHONPATH} /usr/bin/python3 -W ignore:setup.py install is deprecated -W ignore:easy_install command is deprecated setup.py egg_info --egg-base ../../build/eezybotarm_control build --build-base /home/hassanito/roboticarm/build/eezybotarm_control/build install --record /home/hassanito/roboticarm/build/eezybotarm_control/install.log --single-version-externally-managed install_data
[9.105s] DEBUG:colcon.colcon_core.event_handler.log_command:Invoked command in '/home/hassanito/roboticarm/src/eezybotarm_control' returned '0': PYTHONPATH=/home/hassanito/roboticarm/build/eezybotarm_control/prefix_override:/usr/lib/python3/dist-packages/colcon_core/task/python/colcon_distutils_commands:/home/hassanito/roboticarm/install/eezybotarm_control/lib/python3.10/site-packages:${PYTHONPATH} /usr/bin/python3 -W ignore:setup.py install is deprecated -W ignore:easy_install command is deprecated setup.py egg_info --egg-base ../../build/eezybotarm_control build --build-base /home/hassanito/roboticarm/build/eezybotarm_control/build install --record /home/hassanito/roboticarm/build/eezybotarm_control/install.log --single-version-externally-managed install_data
[10.002s] Level 1:colcon.colcon_core.environment:checking '/home/hassanito/roboticarm/install/eezybotarm_control' for CMake module files
[10.005s] Level 1:colcon.colcon_core.environment:checking '/home/hassanito/roboticarm/install/eezybotarm_control' for CMake config files
[10.012s] Level 1:colcon.colcon_core.environment:checking '/home/hassanito/roboticarm/install/eezybotarm_control/lib'
[10.014s] Level 1:colcon.colcon_core.environment:checking '/home/hassanito/roboticarm/install/eezybotarm_control/bin'
[10.015s] Level 1:colcon.colcon_core.environment:checking '/home/hassanito/roboticarm/install/eezybotarm_control/lib/pkgconfig/eezybotarm_control.pc'
[10.016s] Level 1:colcon.colcon_core.environment:checking '/home/hassanito/roboticarm/install/eezybotarm_control/lib/python3.10/site-packages'
[10.017s] Level 1:colcon.colcon_core.shell:create_environment_hook('eezybotarm_control', 'pythonpath')
[10.019s] INFO:colcon.colcon_core.shell:Creating environment hook '/home/hassanito/roboticarm/install/eezybotarm_control/share/eezybotarm_control/hook/pythonpath.ps1'
[10.022s] INFO:colcon.colcon_core.shell:Creating environment descriptor '/home/hassanito/roboticarm/install/eezybotarm_control/share/eezybotarm_control/hook/pythonpath.dsv'
[10.026s] INFO:colcon.colcon_core.shell:Creating environment hook '/home/hassanito/roboticarm/install/eezybotarm_control/share/eezybotarm_control/hook/pythonpath.sh'
[10.030s] Level 1:colcon.colcon_core.environment:checking '/home/hassanito/roboticarm/install/eezybotarm_control/bin'
[10.031s] Level 1:colcon.colcon_core.environment:create_environment_scripts_only(eezybotarm_control)
[10.033s] INFO:colcon.colcon_core.shell:Creating package script '/home/hassanito/roboticarm/install/eezybotarm_control/share/eezybotarm_control/package.ps1'
[10.041s] INFO:colcon.colcon_core.shell:Creating package descriptor '/home/hassanito/roboticarm/install/eezybotarm_control/share/eezybotarm_control/package.dsv'
[10.047s] INFO:colcon.colcon_core.shell:Creating package script '/home/hassanito/roboticarm/install/eezybotarm_control/share/eezybotarm_control/package.sh'
[10.051s] INFO:colcon.colcon_core.shell:Creating package script '/home/hassanito/roboticarm/install/eezybotarm_control/share/eezybotarm_control/package.bash'
[10.057s] INFO:colcon.colcon_core.shell:Creating package script '/home/hassanito/roboticarm/install/eezybotarm_control/share/eezybotarm_control/package.zsh'
[10.062s] Level 1:colcon.colcon_core.environment:create_file_with_runtime_dependencies(/home/hassanito/roboticarm/install/eezybotarm_control/share/colcon-core/packages/eezybotarm_control)
[10.064s] DEBUG:colcon.colcon_parallel_executor.executor.parallel:closing loop
[10.066s] DEBUG:colcon.colcon_parallel_executor.executor.parallel:loop closed
[10.066s] DEBUG:colcon.colcon_parallel_executor.executor.parallel:run_until_complete finished with '0'
[10.067s] DEBUG:colcon.colcon_core.event_reactor:joining thread
[10.092s] INFO:colcon.colcon_core.plugin_system:Skipping extension 'colcon_notification.desktop_notification.terminal_notifier': Not used on non-Darwin systems
[10.092s] INFO:colcon.colcon_core.plugin_system:Skipping extension 'colcon_notification.desktop_notification.win32': Not used on non-Windows systems
[10.092s] INFO:colcon.colcon_notification.desktop_notification:Sending desktop notification using 'notify2'
[10.208s] DEBUG:colcon.colcon_core.event_reactor:joined thread
[10.210s] INFO:colcon.colcon_core.shell:Creating prefix script '/home/hassanito/roboticarm/install/local_setup.ps1'
[10.215s] INFO:colcon.colcon_core.shell:Creating prefix util module '/home/hassanito/roboticarm/install/_local_setup_util_ps1.py'
[10.222s] INFO:colcon.colcon_core.shell:Creating prefix chain script '/home/hassanito/roboticarm/install/setup.ps1'
[10.232s] INFO:colcon.colcon_core.shell:Creating prefix script '/home/hassanito/roboticarm/install/local_setup.sh'
[10.236s] INFO:colcon.colcon_core.shell:Creating prefix util module '/home/hassanito/roboticarm/install/_local_setup_util_sh.py'
[10.238s] INFO:colcon.colcon_core.shell:Creating prefix chain script '/home/hassanito/roboticarm/install/setup.sh'
[10.243s] INFO:colcon.colcon_core.shell:Creating prefix script '/home/hassanito/roboticarm/install/local_setup.bash'
[10.245s] INFO:colcon.colcon_core.shell:Creating prefix chain script '/home/hassanito/roboticarm/install/setup.bash'
[10.249s] INFO:colcon.colcon_core.shell:Creating prefix script '/home/hassanito/roboticarm/install/local_setup.zsh'
[10.252s] INFO:colcon.colcon_core.shell:Creating prefix chain script '/home/hassanito/roboticarm/install/setup.zsh'
