[3.063s] Invoking command in '/home/hassanito/roboticarm/src/eezybotarm_control': PYTHONPATH=/home/hassanito/roboticarm/build/eezybotarm_control/prefix_override:/usr/lib/python3/dist-packages/colcon_core/task/python/colcon_distutils_commands:/home/hassanito/roboticarm/install/eezybotarm_control/lib/python3.10/site-packages:${PYTHONPATH} /usr/bin/python3 -W ignore:setup.py install is deprecated -W ignore:easy_install command is deprecated setup.py egg_info --egg-base ../../build/eezybotarm_control build --build-base /home/hassanito/roboticarm/build/eezybotarm_control/build install --record /home/hassanito/roboticarm/build/eezybotarm_control/install.log --single-version-externally-managed install_data
[4.100s] running egg_info
[4.102s] writing ../../build/eezybotarm_control/eezybotarm_control.egg-info/PKG-INFO
[4.104s] writing dependency_links to ../../build/eezybotarm_control/eezybotarm_control.egg-info/dependency_links.txt
[4.107s] writing entry points to ../../build/eezybotarm_control/eezybotarm_control.egg-info/entry_points.txt
[4.107s] writing requirements to ../../build/eezybotarm_control/eezybotarm_control.egg-info/requires.txt
[4.108s] writing top-level names to ../../build/eezybotarm_control/eezybotarm_control.egg-info/top_level.txt
[4.110s] reading manifest file '../../build/eezybotarm_control/eezybotarm_control.egg-info/SOURCES.txt'
[4.114s] writing manifest file '../../build/eezybotarm_control/eezybotarm_control.egg-info/SOURCES.txt'
[4.115s] running build
[4.115s] running build_py
[4.116s] running install
[4.117s] running install_lib
[4.122s] running install_data
[4.123s] copying launch/arm_bringup.launch.py -> /home/hassanito/roboticarm/install/eezybotarm_control/share/eezybotarm_control/launch
[4.124s] running install_egg_info
[4.130s] removing '/home/hassanito/roboticarm/install/eezybotarm_control/lib/python3.10/site-packages/eezybotarm_control-0.0.1-py3.10.egg-info' (and everything under it)
[4.131s] Copying ../../build/eezybotarm_control/eezybotarm_control.egg-info to /home/hassanito/roboticarm/install/eezybotarm_control/lib/python3.10/site-packages/eezybotarm_control-0.0.1-py3.10.egg-info
[4.135s] running install_scripts
[4.210s] Installing arm_controller script to /home/hassanito/roboticarm/install/eezybotarm_control/lib/eezybotarm_control
[4.211s] Installing arm_test_patterns script to /home/hassanito/roboticarm/install/eezybotarm_control/lib/eezybotarm_control
[4.212s] writing list of installed files to '/home/hassanito/roboticarm/build/eezybotarm_control/install.log'
[4.315s] Invoked command in '/home/hassanito/roboticarm/src/eezybotarm_control' returned '0': PYTHONPATH=/home/hassanito/roboticarm/build/eezybotarm_control/prefix_override:/usr/lib/python3/dist-packages/colcon_core/task/python/colcon_distutils_commands:/home/hassanito/roboticarm/install/eezybotarm_control/lib/python3.10/site-packages:${PYTHONPATH} /usr/bin/python3 -W ignore:setup.py install is deprecated -W ignore:easy_install command is deprecated setup.py egg_info --egg-base ../../build/eezybotarm_control build --build-base /home/hassanito/roboticarm/build/eezybotarm_control/build install --record /home/hassanito/roboticarm/build/eezybotarm_control/install.log --single-version-externally-managed install_data
