[1.852s] Invoking command in '/home/hassanito/roboticarm/src/eezybotarm_control': PYTHONPATH=/home/hassanito/roboticarm/build/eezybotarm_control/prefix_override:/usr/lib/python3/dist-packages/colcon_core/task/python/colcon_distutils_commands:/home/hassanito/roboticarm/install/eezybotarm_control/lib/python3.10/site-packages:${PYTHONPATH} /usr/bin/python3 -W ignore:setup.py install is deprecated -W ignore:easy_install command is deprecated setup.py egg_info --egg-base ../../build/eezybotarm_control build --build-base /home/hassanito/roboticarm/build/eezybotarm_control/build install --record /home/hassanito/roboticarm/build/eezybotarm_control/install.log --single-version-externally-managed install_data
[2.414s] running egg_info
[2.415s] writing ../../build/eezybotarm_control/eezybotarm_control.egg-info/PKG-INFO
[2.416s] writing dependency_links to ../../build/eezybotarm_control/eezybotarm_control.egg-info/dependency_links.txt
[2.416s] writing entry points to ../../build/eezybotarm_control/eezybotarm_control.egg-info/entry_points.txt
[2.417s] writing requirements to ../../build/eezybotarm_control/eezybotarm_control.egg-info/requires.txt
[2.417s] writing top-level names to ../../build/eezybotarm_control/eezybotarm_control.egg-info/top_level.txt
[2.422s] reading manifest file '../../build/eezybotarm_control/eezybotarm_control.egg-info/SOURCES.txt'
[2.424s] writing manifest file '../../build/eezybotarm_control/eezybotarm_control.egg-info/SOURCES.txt'
[2.424s] running build
[2.424s] running build_py
[2.425s] running install
[2.426s] running install_lib
[2.429s] running install_data
[2.430s] copying description/eezybotarm.urdf.xacro -> /home/hassanito/roboticarm/install/eezybotarm_control/share/eezybotarm_control/description
[2.430s] running install_egg_info
[2.435s] removing '/home/hassanito/roboticarm/install/eezybotarm_control/lib/python3.10/site-packages/eezybotarm_control-0.0.1-py3.10.egg-info' (and everything under it)
[2.435s] Copying ../../build/eezybotarm_control/eezybotarm_control.egg-info to /home/hassanito/roboticarm/install/eezybotarm_control/lib/python3.10/site-packages/eezybotarm_control-0.0.1-py3.10.egg-info
[2.439s] running install_scripts
[2.486s] Installing arm_controller script to /home/hassanito/roboticarm/install/eezybotarm_control/lib/eezybotarm_control
[2.486s] Installing arm_test_patterns script to /home/hassanito/roboticarm/install/eezybotarm_control/lib/eezybotarm_control
[2.487s] writing list of installed files to '/home/hassanito/roboticarm/build/eezybotarm_control/install.log'
[2.577s] Invoked command in '/home/hassanito/roboticarm/src/eezybotarm_control' returned '0': PYTHONPATH=/home/hassanito/roboticarm/build/eezybotarm_control/prefix_override:/usr/lib/python3/dist-packages/colcon_core/task/python/colcon_distutils_commands:/home/hassanito/roboticarm/install/eezybotarm_control/lib/python3.10/site-packages:${PYTHONPATH} /usr/bin/python3 -W ignore:setup.py install is deprecated -W ignore:easy_install command is deprecated setup.py egg_info --egg-base ../../build/eezybotarm_control build --build-base /home/hassanito/roboticarm/build/eezybotarm_control/build install --record /home/hassanito/roboticarm/build/eezybotarm_control/install.log --single-version-externally-managed install_data
