[0.429s] DEBUG:colcon:Command line arguments: ['/usr/bin/colcon', 'build', '--packages-select', 'eezybotarm_control']
[0.429s] DEBUG:colcon:Parsed command line arguments: Namespace(log_base=None, log_level=None, verb_name='build', build_base='build', install_base='install', merge_install=False, symlink_install=False, test_result_base=None, continue_on_error=False, executor='parallel', parallel_workers=6, event_handlers=None, ignore_user_meta=False, metas=['./colcon.meta'], base_paths=['.'], packages_ignore=None, packages_ignore_regex=None, paths=None, packages_up_to=None, packages_up_to_regex=None, packages_above=None, packages_above_and_dependencies=None, packages_above_depth=None, packages_select_by_dep=None, packages_skip_by_dep=None, packages_skip_up_to=None, packages_select_build_failed=False, packages_skip_build_finished=False, packages_select_test_failures=False, packages_skip_test_passed=False, packages_select=['eezybotarm_control'], packages_skip=None, packages_select_regex=None, packages_skip_regex=None, packages_start=None, packages_end=None, allow_overriding=[], cmake_args=None, cmake_target=None, cmake_target_skip_unavailable=False, cmake_clean_cache=False, cmake_clean_first=False, cmake_force_configure=False, ament_cmake_args=None, catkin_cmake_args=None, catkin_skip_building_tests=False, verb_parser=<colcon_defaults.argument_parser.defaults.DefaultArgumentsDecorator object at 0xffff987516c0>, verb_extension=<colcon_core.verb.build.BuildVerb object at 0xffff98751300>, main=<bound method BuildVerb.main of <colcon_core.verb.build.BuildVerb object at 0xffff98751300>>)
[1.189s] Level 1:colcon.colcon_core.package_discovery:discover_packages(colcon_meta) check parameters
[1.190s] Level 1:colcon.colcon_core.package_discovery:discover_packages(recursive) check parameters
[1.190s] Level 1:colcon.colcon_core.package_discovery:discover_packages(ignore) check parameters
[1.190s] Level 1:colcon.colcon_core.package_discovery:discover_packages(path) check parameters
[1.190s] Level 1:colcon.colcon_core.package_discovery:discover_packages(colcon_meta) discover
[1.190s] Level 1:colcon.colcon_core.package_discovery:discover_packages(recursive) discover
[1.191s] INFO:colcon.colcon_core.package_discovery:Crawling recursively for packages in '/home/hassanito/roboticarm'
[1.191s] Level 1:colcon.colcon_core.package_identification:_identify(.) by extensions ['ignore', 'ignore_ament_install']
[1.191s] Level 1:colcon.colcon_core.package_identification:_identify(.) by extension 'ignore'
[1.192s] Level 1:colcon.colcon_core.package_identification:_identify(.) by extension 'ignore_ament_install'
[1.192s] Level 1:colcon.colcon_core.package_identification:_identify(.) by extensions ['colcon_pkg']
[1.192s] Level 1:colcon.colcon_core.package_identification:_identify(.) by extension 'colcon_pkg'
[1.192s] Level 1:colcon.colcon_core.package_identification:_identify(.) by extensions ['colcon_meta']
[1.193s] Level 1:colcon.colcon_core.package_identification:_identify(.) by extension 'colcon_meta'
[1.193s] Level 1:colcon.colcon_core.package_identification:_identify(.) by extensions ['ros']
[1.193s] Level 1:colcon.colcon_core.package_identification:_identify(.) by extension 'ros'
[1.236s] Level 1:colcon.colcon_core.package_identification:_identify(.) by extensions ['cmake', 'python']
[1.236s] Level 1:colcon.colcon_core.package_identification:_identify(.) by extension 'cmake'
[1.237s] Level 1:colcon.colcon_core.package_identification:_identify(.) by extension 'python'
[1.237s] Level 1:colcon.colcon_core.package_identification:_identify(.) by extensions ['python_setup_py']
[1.237s] Level 1:colcon.colcon_core.package_identification:_identify(.) by extension 'python_setup_py'
[1.238s] Level 1:colcon.colcon_core.package_identification:_identify(build) by extensions ['ignore', 'ignore_ament_install']
[1.238s] Level 1:colcon.colcon_core.package_identification:_identify(build) by extension 'ignore'
[1.238s] Level 1:colcon.colcon_core.package_identification:_identify(build) ignored
[1.239s] Level 1:colcon.colcon_core.package_identification:_identify(install) by extensions ['ignore', 'ignore_ament_install']
[1.239s] Level 1:colcon.colcon_core.package_identification:_identify(install) by extension 'ignore'
[1.240s] Level 1:colcon.colcon_core.package_identification:_identify(install) ignored
[1.240s] Level 1:colcon.colcon_core.package_identification:_identify(log) by extensions ['ignore', 'ignore_ament_install']
[1.240s] Level 1:colcon.colcon_core.package_identification:_identify(log) by extension 'ignore'
[1.241s] Level 1:colcon.colcon_core.package_identification:_identify(log) ignored
[1.241s] Level 1:colcon.colcon_core.package_identification:_identify(src) by extensions ['ignore', 'ignore_ament_install']
[1.241s] Level 1:colcon.colcon_core.package_identification:_identify(src) by extension 'ignore'
[1.242s] Level 1:colcon.colcon_core.package_identification:_identify(src) by extension 'ignore_ament_install'
[1.242s] Level 1:colcon.colcon_core.package_identification:_identify(src) by extensions ['colcon_pkg']
[1.242s] Level 1:colcon.colcon_core.package_identification:_identify(src) by extension 'colcon_pkg'
[1.242s] Level 1:colcon.colcon_core.package_identification:_identify(src) by extensions ['colcon_meta']
[1.242s] Level 1:colcon.colcon_core.package_identification:_identify(src) by extension 'colcon_meta'
[1.242s] Level 1:colcon.colcon_core.package_identification:_identify(src) by extensions ['ros']
[1.243s] Level 1:colcon.colcon_core.package_identification:_identify(src) by extension 'ros'
[1.243s] Level 1:colcon.colcon_core.package_identification:_identify(src) by extensions ['cmake', 'python']
[1.243s] Level 1:colcon.colcon_core.package_identification:_identify(src) by extension 'cmake'
[1.243s] Level 1:colcon.colcon_core.package_identification:_identify(src) by extension 'python'
[1.244s] Level 1:colcon.colcon_core.package_identification:_identify(src) by extensions ['python_setup_py']
[1.244s] Level 1:colcon.colcon_core.package_identification:_identify(src) by extension 'python_setup_py'
[1.244s] Level 1:colcon.colcon_core.package_identification:_identify(src/eezybotarm_control) by extensions ['ignore', 'ignore_ament_install']
[1.244s] Level 1:colcon.colcon_core.package_identification:_identify(src/eezybotarm_control) by extension 'ignore'
[1.245s] Level 1:colcon.colcon_core.package_identification:_identify(src/eezybotarm_control) by extension 'ignore_ament_install'
[1.245s] Level 1:colcon.colcon_core.package_identification:_identify(src/eezybotarm_control) by extensions ['colcon_pkg']
[1.245s] Level 1:colcon.colcon_core.package_identification:_identify(src/eezybotarm_control) by extension 'colcon_pkg'
[1.245s] Level 1:colcon.colcon_core.package_identification:_identify(src/eezybotarm_control) by extensions ['colcon_meta']
[1.245s] Level 1:colcon.colcon_core.package_identification:_identify(src/eezybotarm_control) by extension 'colcon_meta'
[1.246s] Level 1:colcon.colcon_core.package_identification:_identify(src/eezybotarm_control) by extensions ['ros']
[1.246s] Level 1:colcon.colcon_core.package_identification:_identify(src/eezybotarm_control) by extension 'ros'
[1.257s] DEBUG:colcon.colcon_core.package_identification:Package 'src/eezybotarm_control' with type 'ros.ament_python' and name 'eezybotarm_control'
[1.257s] Level 1:colcon.colcon_core.package_discovery:discover_packages(recursive) using defaults
[1.257s] Level 1:colcon.colcon_core.package_discovery:discover_packages(ignore) discover
[1.258s] Level 1:colcon.colcon_core.package_discovery:discover_packages(ignore) using defaults
[1.258s] Level 1:colcon.colcon_core.package_discovery:discover_packages(path) discover
[1.258s] Level 1:colcon.colcon_core.package_discovery:discover_packages(path) using defaults
[1.373s] Level 1:colcon.colcon_core.package_discovery:discover_packages(prefix_path) check parameters
[1.374s] Level 1:colcon.colcon_core.package_discovery:discover_packages(prefix_path) discover
[1.380s] DEBUG:colcon.colcon_installed_package_information.package_discovery:Found 1 installed packages in /home/hassanito/roboticarm/install
[1.386s] DEBUG:colcon.colcon_installed_package_information.package_discovery:Found 313 installed packages in /opt/ros/humble
[1.392s] Level 1:colcon.colcon_core.package_discovery:discover_packages(prefix_path) using defaults
[1.559s] Level 5:colcon.colcon_core.verb:set package 'eezybotarm_control' build argument 'cmake_args' from command line to 'None'
[1.560s] Level 5:colcon.colcon_core.verb:set package 'eezybotarm_control' build argument 'cmake_target' from command line to 'None'
[1.560s] Level 5:colcon.colcon_core.verb:set package 'eezybotarm_control' build argument 'cmake_target_skip_unavailable' from command line to 'False'
[1.560s] Level 5:colcon.colcon_core.verb:set package 'eezybotarm_control' build argument 'cmake_clean_cache' from command line to 'False'
[1.560s] Level 5:colcon.colcon_core.verb:set package 'eezybotarm_control' build argument 'cmake_clean_first' from command line to 'False'
[1.560s] Level 5:colcon.colcon_core.verb:set package 'eezybotarm_control' build argument 'cmake_force_configure' from command line to 'False'
[1.561s] Level 5:colcon.colcon_core.verb:set package 'eezybotarm_control' build argument 'ament_cmake_args' from command line to 'None'
[1.561s] Level 5:colcon.colcon_core.verb:set package 'eezybotarm_control' build argument 'catkin_cmake_args' from command line to 'None'
[1.561s] Level 5:colcon.colcon_core.verb:set package 'eezybotarm_control' build argument 'catkin_skip_building_tests' from command line to 'False'
[1.561s] DEBUG:colcon.colcon_core.verb:Building package 'eezybotarm_control' with the following arguments: {'ament_cmake_args': None, 'build_base': '/home/hassanito/roboticarm/build/eezybotarm_control', 'catkin_cmake_args': None, 'catkin_skip_building_tests': False, 'cmake_args': None, 'cmake_clean_cache': False, 'cmake_clean_first': False, 'cmake_force_configure': False, 'cmake_target': None, 'cmake_target_skip_unavailable': False, 'install_base': '/home/hassanito/roboticarm/install/eezybotarm_control', 'merge_install': False, 'path': '/home/hassanito/roboticarm/src/eezybotarm_control', 'symlink_install': False, 'test_result_base': None}
[1.562s] INFO:colcon.colcon_core.executor:Executing jobs using 'parallel' executor
[1.565s] DEBUG:colcon.colcon_parallel_executor.executor.parallel:run_until_complete
[1.566s] INFO:colcon.colcon_ros.task.ament_python.build:Building ROS package in '/home/hassanito/roboticarm/src/eezybotarm_control' with build type 'ament_python'
[1.566s] Level 1:colcon.colcon_core.shell:create_environment_hook('eezybotarm_control', 'ament_prefix_path')
[1.575s] INFO:colcon.colcon_core.plugin_system:Skipping extension 'colcon_core.shell.bat': Not used on non-Windows systems
[1.576s] INFO:colcon.colcon_core.shell:Creating environment hook '/home/hassanito/roboticarm/install/eezybotarm_control/share/eezybotarm_control/hook/ament_prefix_path.ps1'
[1.578s] INFO:colcon.colcon_core.shell:Creating environment descriptor '/home/hassanito/roboticarm/install/eezybotarm_control/share/eezybotarm_control/hook/ament_prefix_path.dsv'
[1.580s] INFO:colcon.colcon_core.shell:Creating environment hook '/home/hassanito/roboticarm/install/eezybotarm_control/share/eezybotarm_control/hook/ament_prefix_path.sh'
[1.583s] INFO:colcon.colcon_core.shell:Skip shell extension 'powershell' for command environment: Not usable outside of PowerShell
[1.584s] DEBUG:colcon.colcon_core.shell:Skip shell extension 'dsv' for command environment
[2.714s] INFO:colcon.colcon_core.task.python.build:Building Python package in '/home/hassanito/roboticarm/src/eezybotarm_control'
[2.715s] INFO:colcon.colcon_core.shell:Skip shell extension 'powershell' for command environment: Not usable outside of PowerShell
[2.716s] DEBUG:colcon.colcon_core.shell:Skip shell extension 'dsv' for command environment
[4.284s] DEBUG:colcon.colcon_core.event_handler.log_command:Invoking command in '/home/hassanito/roboticarm/src/eezybotarm_control': PYTHONPATH=/home/hassanito/roboticarm/build/eezybotarm_control/prefix_override:/usr/lib/python3/dist-packages/colcon_core/task/python/colcon_distutils_commands:/home/hassanito/roboticarm/install/eezybotarm_control/lib/python3.10/site-packages:${PYTHONPATH} /usr/bin/python3 -W ignore:setup.py install is deprecated -W ignore:easy_install command is deprecated setup.py egg_info --egg-base ../../build/eezybotarm_control build --build-base /home/hassanito/roboticarm/build/eezybotarm_control/build install --record /home/hassanito/roboticarm/build/eezybotarm_control/install.log --single-version-externally-managed install_data
[5.573s] DEBUG:colcon.colcon_core.event_handler.log_command:Invoked command in '/home/hassanito/roboticarm/src/eezybotarm_control' returned '0': PYTHONPATH=/home/hassanito/roboticarm/build/eezybotarm_control/prefix_override:/usr/lib/python3/dist-packages/colcon_core/task/python/colcon_distutils_commands:/home/hassanito/roboticarm/install/eezybotarm_control/lib/python3.10/site-packages:${PYTHONPATH} /usr/bin/python3 -W ignore:setup.py install is deprecated -W ignore:easy_install command is deprecated setup.py egg_info --egg-base ../../build/eezybotarm_control build --build-base /home/hassanito/roboticarm/build/eezybotarm_control/build install --record /home/hassanito/roboticarm/build/eezybotarm_control/install.log --single-version-externally-managed install_data
[5.585s] Level 1:colcon.colcon_core.environment:checking '/home/hassanito/roboticarm/install/eezybotarm_control' for CMake module files
[5.588s] Level 1:colcon.colcon_core.environment:checking '/home/hassanito/roboticarm/install/eezybotarm_control' for CMake config files
[5.592s] Level 1:colcon.colcon_core.environment:checking '/home/hassanito/roboticarm/install/eezybotarm_control/lib'
[5.593s] Level 1:colcon.colcon_core.environment:checking '/home/hassanito/roboticarm/install/eezybotarm_control/bin'
[5.594s] Level 1:colcon.colcon_core.environment:checking '/home/hassanito/roboticarm/install/eezybotarm_control/lib/pkgconfig/eezybotarm_control.pc'
[5.595s] Level 1:colcon.colcon_core.environment:checking '/home/hassanito/roboticarm/install/eezybotarm_control/lib/python3.10/site-packages'
[5.595s] Level 1:colcon.colcon_core.shell:create_environment_hook('eezybotarm_control', 'pythonpath')
[5.597s] INFO:colcon.colcon_core.shell:Creating environment hook '/home/hassanito/roboticarm/install/eezybotarm_control/share/eezybotarm_control/hook/pythonpath.ps1'
[5.600s] INFO:colcon.colcon_core.shell:Creating environment descriptor '/home/hassanito/roboticarm/install/eezybotarm_control/share/eezybotarm_control/hook/pythonpath.dsv'
[5.604s] INFO:colcon.colcon_core.shell:Creating environment hook '/home/hassanito/roboticarm/install/eezybotarm_control/share/eezybotarm_control/hook/pythonpath.sh'
[5.608s] Level 1:colcon.colcon_core.environment:checking '/home/hassanito/roboticarm/install/eezybotarm_control/bin'
[5.608s] Level 1:colcon.colcon_core.environment:create_environment_scripts_only(eezybotarm_control)
[5.610s] INFO:colcon.colcon_core.shell:Creating package script '/home/hassanito/roboticarm/install/eezybotarm_control/share/eezybotarm_control/package.ps1'
[5.614s] INFO:colcon.colcon_core.shell:Creating package descriptor '/home/hassanito/roboticarm/install/eezybotarm_control/share/eezybotarm_control/package.dsv'
[5.617s] INFO:colcon.colcon_core.shell:Creating package script '/home/hassanito/roboticarm/install/eezybotarm_control/share/eezybotarm_control/package.sh'
[5.621s] INFO:colcon.colcon_core.shell:Creating package script '/home/hassanito/roboticarm/install/eezybotarm_control/share/eezybotarm_control/package.bash'
[5.624s] INFO:colcon.colcon_core.shell:Creating package script '/home/hassanito/roboticarm/install/eezybotarm_control/share/eezybotarm_control/package.zsh'
[5.628s] Level 1:colcon.colcon_core.environment:create_file_with_runtime_dependencies(/home/hassanito/roboticarm/install/eezybotarm_control/share/colcon-core/packages/eezybotarm_control)
[5.629s] DEBUG:colcon.colcon_parallel_executor.executor.parallel:closing loop
[5.631s] DEBUG:colcon.colcon_parallel_executor.executor.parallel:loop closed
[5.631s] DEBUG:colcon.colcon_parallel_executor.executor.parallel:run_until_complete finished with '0'
[5.632s] DEBUG:colcon.colcon_core.event_reactor:joining thread
[5.671s] INFO:colcon.colcon_core.plugin_system:Skipping extension 'colcon_notification.desktop_notification.terminal_notifier': Not used on non-Darwin systems
[5.672s] INFO:colcon.colcon_core.plugin_system:Skipping extension 'colcon_notification.desktop_notification.win32': Not used on non-Windows systems
[5.672s] INFO:colcon.colcon_notification.desktop_notification:Sending desktop notification using 'notify2'
[5.737s] DEBUG:colcon.colcon_core.event_reactor:joined thread
[5.738s] INFO:colcon.colcon_core.shell:Creating prefix script '/home/hassanito/roboticarm/install/local_setup.ps1'
[5.743s] INFO:colcon.colcon_core.shell:Creating prefix util module '/home/hassanito/roboticarm/install/_local_setup_util_ps1.py'
[5.748s] INFO:colcon.colcon_core.shell:Creating prefix chain script '/home/hassanito/roboticarm/install/setup.ps1'
[5.756s] INFO:colcon.colcon_core.shell:Creating prefix script '/home/hassanito/roboticarm/install/local_setup.sh'
[5.759s] INFO:colcon.colcon_core.shell:Creating prefix util module '/home/hassanito/roboticarm/install/_local_setup_util_sh.py'
[5.762s] INFO:colcon.colcon_core.shell:Creating prefix chain script '/home/hassanito/roboticarm/install/setup.sh'
[5.767s] INFO:colcon.colcon_core.shell:Creating prefix script '/home/hassanito/roboticarm/install/local_setup.bash'
[5.769s] INFO:colcon.colcon_core.shell:Creating prefix chain script '/home/hassanito/roboticarm/install/setup.bash'
[5.773s] INFO:colcon.colcon_core.shell:Creating prefix script '/home/hassanito/roboticarm/install/local_setup.zsh'
[5.775s] INFO:colcon.colcon_core.shell:Creating prefix chain script '/home/hassanito/roboticarm/install/setup.zsh'
